============================= test session starts ==============================
platform linux -- Python 3.11.16, pytest-9.1.1, pluggy-1.6.0
rootdir: /home/host/DAgent/AI-Data-Analyst-Agent
configfile: pyproject.toml
plugins: langsmith-0.11.2, anyio-4.14.2
collected 122 items / 5 deselected / 117 selected

tests/test_phase1.py ...................                                 [ 16%]
tests/test_phase2.py .....                                               [ 20%]
tests/test_phase3.py .....                                               [ 24%]
tests/test_phase4.py ............                                        [ 35%]
tests/test_phase5.py ...                                                 [ 37%]
tests/test_phase6.py .........                                           [ 45%]
tests/test_phase7.py ...........                                         [ 54%]
tests/test_phase8.py ............                                        [ 64%]
tests/test_phase8b.py ...........                                        [ 74%]
tests/test_phase9.py ........                                            [ 81%]
tests/test_phase10.py .......                                            [ 87%]
tests/test_phase11.py ..........                                         [ 95%]
tests/test_phase12.py .....                                              [100%]

====================== 117 passed, 5 deselected in 3.13s =======================
